<html>
<body>
<pre>
<h1>µVision Build Log</h1>
<h2>Project:</h2>
C:\Keil\ARM\Examples\Measure\FinalProject-V25OE2A8\Final.uvproj
Project File Date:  03/12/2026

<h2>Output:</h2>
Build target 'Target 1'
compiling Final.c...
Final.c(123): warning:  #167-D: argument of type "char *" is incompatible with parameter of type "unsigned char *"
Final.c(167): warning:  #1-D: last line of file ends without a newline
linking...
Program Size: Code=4284 RO-data=32 RW-data=84 ZI-data=1484  
FromELF: creating hex file...
"Final.axf" - 0 Error(s), 2 Warning(s).
Build target 'Target 1'
linking...
Program Size: Code=4284 RO-data=32 RW-data=84 ZI-data=1484  
FromELF: creating hex file...
"Final.axf" - 0 Error(s), 0 Warning(s).
